../Core/Src/main.c:79:6:HAL_UART_RxCpltCallback	16	static
../Core/Src/main.c:90:6:command_parser_fsm	4	static
../Core/Src/main.c:174:6:uart_communication_fsm	24	static
../Core/Src/main.c:198:5:main	8	static
../Core/Src/main.c:256:6:SystemClock_Config	88	static
../Core/Src/main.c:300:13:MX_ADC1_Init	24	static
../Core/Src/main.c:347:13:MX_TIM2_Init	32	static
../Core/Src/main.c:392:13:MX_USART2_UART_Init	8	static
../Core/Src/main.c:425:13:MX_GPIO_Init	32	static
../Core/Src/main.c:449:6:HAL_TIM_PeriodElapsedCallback	16	static
../Core/Src/main.c:458:6:Error_Handler	4	static,ignoring_inline_asm
